files/42.csv
id,week,center_id,meal_id,checkout_price,base_price,emailer_for_promotion,homepage_featured,num_orders
1422910,1,42,1778,162.02,162.02,0,0,163
1225033,2,42,1778,175.6,174.6,0,0,136
1092812,3,42,1778,179.51,177.51,0,0,161
1068292,4,42,1778,181.39,183.39,0,0,163
1378596,5,42,1778,173.66,172.66,0,0,108
1215108,6,42,1778,161.99,162.99,0,0,41
1137462,7,42,1778,162.05,162.05,0,0,135
1066457,8,42,1778,152.29,153.29,0,0,82
1005805,9,42,1778,161.08,159.08,0,0,244
1012972,10,42,1778,160.11,159.11,0,0,123
1284680,11,42,1778,152.35,151.35,0,0,149
1199590,12,42,1778,172.66,173.66,0,0,123
1432900,13,42,1778,178.48,180.48,0,0,149
1288926,14,42,1778,172.72,172.72,0,0,121
1353482,15,42,1778,179.45,179.45,0,0,135
1486572,16,42,1778,177.51,179.51,0,0,136
1378088,17,42,1778,157.2,177.51,0,0,134
1100033,18,42,1778,159.08,177.51,1,0,176
1493591,19,42,1778,158.11,177.51,0,0,202
1145331,20,42,1778,160.08,177.51,0,0,203
1467339,21,42,1778,159.08,178.51,0,0,176
1477116,22,42,1778,159.11,178.51,0,0,188
1056474,23,42,1778,158.17,179.51,0,0,148
1164772,24,42,1778,163.96,163.96,0,0,80
1143131,25,42,1778,182.39,181.39,0,0,163
1052161,26,42,1778,175.6,174.6,0,0,54
1138250,27,42,1778,180.48,179.48,0,0,108
1082111,28,42,1778,176.54,178.54,0,0,109
1061272,29,42,1778,185.33,183.33,0,0,68
1059995,30,42,1778,161.05,184.33,0,0,107
1202642,31,42,1778,159.08,184.33,0,0,148
1305007,32,42,1778,158.11,184.33,1,0,204
1233984,33,42,1778,162.02,185.33,0,0,203
1168936,34,42,1778,160.05,184.33,0,0,107
1438753,35,42,1778,160.11,185.33,0,0,175
1123912,36,42,1778,162.05,185.33,0,0,134
1080123,37,42,1778,172.66,173.66,0,0,135
1021762,38,42,1778,181.42,182.42,0,0,82
1260386,39,42,1778,183.33,184.33,0,0,123
1182672,40,42,1778,183.33,185.33,0,0,108
1120160,41,42,1778,176.57,175.57,0,0,163
1020278,42,42,1778,183.33,184.33,0,0,69
1099969,43,42,1778,180.42,180.42,0,0,82
1196745,44,42,1778,179.48,179.48,0,0,109
1424093,45,42,1778,182.39,182.39,0,0,96
1140588,46,42,1778,174.6,175.6,0,0,149
1289921,47,42,1778,180.42,181.42,0,0,81
1007172,48,42,1778,182.42,180.42,0,0,95
1381505,49,42,1778,181.45,179.45,0,0,68
1139744,50,42,1778,168.78,168.78,0,0,107
1121205,51,42,1778,183.33,183.33,0,0,55
1200170,52,42,1778,181.45,179.45,0,0,69
1407727,53,42,1778,180.42,181.42,0,0,95
1151070,54,42,1778,180.42,182.42,0,0,94
1304528,55,42,1778,184.33,185.33,0,0,96
1098241,56,42,1778,169.81,168.81,0,0,107
1343279,57,42,1778,157.17,156.17,0,0,28
1263350,58,42,1778,160.11,158.11,0,0,175
1328706,59,42,1778,147.47,146.47,0,0,82
1498351,60,42,1778,153.32,151.32,0,0,107
1037160,61,42,1778,159.14,159.14,0,0,150
1156119,62,42,1778,173.63,175.63,0,0,41
1486377,63,42,1778,168.81,167.81,0,0,108
1092844,64,42,1778,173.63,175.63,0,0,121
1449577,65,42,1778,181.39,183.39,0,0,122
1256917,66,42,1778,178.48,180.48,0,0,108
1286902,67,42,1778,181.45,180.45,0,0,123
1014493,68,42,1778,177.51,178.51,0,0,80
1271700,69,42,1778,181.42,182.42,0,0,162
1261797,70,42,1778,183.33,183.33,0,0,15
1221391,71,42,1778,178.54,177.54,0,0,175
1278187,72,42,1778,174.6,175.6,0,0,177
1228303,73,42,1778,183.33,184.33,0,0,69
1035791,74,42,1778,182.39,182.39,0,0,109
1410993,75,42,1778,181.39,183.39,0,0,150
1105603,76,42,1778,179.51,179.51,0,0,80
1407942,77,42,1778,179.48,180.48,0,0,95
1243071,78,42,1778,185.33,185.33,0,0,95
1391772,79,42,1778,182.39,182.39,0,0,108
1200443,80,42,1778,183.33,184.33,0,0,96
1268257,81,42,1778,179.51,178.51,0,0,175
1247537,82,42,1778,183.33,185.33,0,0,96
1270815,83,42,1778,179.51,178.51,0,0,204
1432138,84,42,1778,181.42,180.42,0,0,80
1406499,85,42,1778,184.33,184.33,0,0,54
1149847,86,42,1778,180.45,181.45,0,0,67
1340794,87,42,1778,181.45,180.45,0,0,122
1386528,88,42,1778,163.99,161.99,0,0,188
1059469,89,42,1778,158.17,158.17,0,0,242
1476119,90,42,1778,152.32,151.32,0,0,107
1207277,91,42,1778,151.38,151.38,0,0,149
1241951,92,42,1778,156.17,156.17,0,0,107
1357242,93,42,1778,163.99,163.99,0,0,177
1007198,94,42,1778,154.26,153.26,0,0,81
1055923,95,42,1778,162.99,163.99,0,0,163
1278430,96,42,1778,163.99,161.99,0,0,55
1099873,97,42,1778,160.11,158.11,0,0,161
1204195,98,42,1778,156.23,155.23,0,0,122
1177221,99,42,1778,161.05,160.05,0,0,217
1202354,100,42,1778,159.14,158.14,0,0,150
1304662,101,42,1778,161.99,161.99,0,0,177
1481974,102,42,1778,163.99,163.99,0,0,67
1303724,103,42,1778,156.2,157.2,0,0,69
1265407,104,42,1778,162.99,162.99,0,0,175
1473746,105,42,1778,160.05,161.05,0,0,95
1395440,106,42,1778,155.23,154.23,0,0,134
1096876,107,42,1778,163.99,163.99,0,0,216
1095824,108,42,1778,158.11,158.11,0,0,135
1337872,109,42,1778,168.84,167.84,0,0,82
1140030,110,42,1778,182.42,180.42,0,0,96
1304481,111,42,1778,175.57,176.57,0,0,122
1443215,112,42,1778,177.57,176.57,0,0,69
1182558,113,42,1778,157.2,176.57,0,0,67
1114870,114,42,1778,148.47,176.57,1,0,149
1040399,115,42,1778,159.08,161.08,0,0,80
1037018,116,42,1778,150.35,161.08,1,0,204
1345198,117,42,1778,184.36,184.36,0,0,890
1199070,118,42,1778,162.96,183.36,0,0,69
1416915,119,42,1778,177.54,178.54,0,0,176
1275161,120,42,1778,183.39,183.39,0,0,284
1328357,121,42,1778,154.29,181.39,0,0,55
1065695,122,42,1778,175.6,174.6,0,0,80
1303471,123,42,1778,177.57,177.57,0,0,67
1478338,124,42,1778,167.87,165.87,0,0,123
1416769,125,42,1778,179.51,179.51,0,0,82
1142768,126,42,1778,183.33,184.33,0,0,216
1248832,127,42,1778,181.45,179.45,0,0,69
1146538,128,42,1778,170.72,172.72,0,0,96
1319865,129,42,1778,179.45,180.45,0,0,350
1377715,130,42,1778,177.57,175.57,0,0,163
1111367,131,42,1778,181.39,181.39,0,0,175
1396444,132,42,1778,157.2,181.39,1,0,256
1327616,133,42,1778,156.17,183.39,0,0,242
1448921,134,42,1778,153.29,182.39,0,0,204
1166436,135,42,1778,161.02,181.39,0,0,932
1116700,136,42,1778,160.08,182.39,0,0,68
1031800,137,42,1778,151.35,181.39,0,0,204
1163715,138,42,1778,173.69,171.69,0,0,108
1311333,139,42,1778,179.51,179.51,0,0,216
1274020,140,42,1778,172.69,171.69,0,0,150
1053721,141,42,1778,163.02,161.02,0,0,217
1138334,142,42,1778,157.17,156.17,0,0,81
1253368,143,42,1778,163.02,163.02,0,0,1376
1317927,144,42,1778,163.02,162.02,0,0,150
1105806,145,42,1778,142.59,162.02,1,1,269
1145224,1,42,1062,160.08,159.08,0,0,243
1288508,2,42,1062,179.51,177.51,0,0,271
1090429,3,42,1062,168.84,168.84,0,0,311
1485471,4,42,1062,180.45,180.45,0,0,258
1209228,5,42,1062,170.72,170.72,0,0,323
1262635,6,42,1062,157.17,157.17,0,0,364
1434506,7,42,1062,155.23,154.23,0,0,350
1052290,8,42,1062,159.08,159.08,0,0,325
1290127,9,42,1062,156.23,154.23,0,0,446
1093957,10,42,1062,158.14,157.14,0,0,297
1262201,11,42,1062,163.02,163.02,0,0,283
1376523,12,42,1062,176.6,174.6,0,0,230
1083216,13,42,1062,181.45,181.45,0,0,190
1446085,14,42,1062,178.54,176.54,0,0,244
1285988,15,42,1062,182.39,181.39,0,0,339
1415268,16,42,1062,180.45,179.45,0,0,419
1347082,17,42,1062,159.14,179.45,0,0,458
1042385,18,42,1062,157.14,180.45,1,0,566
1027710,19,42,1062,160.11,180.45,0,0,514
1488493,20,42,1062,159.08,179.45,0,0,364
1207738,21,42,1062,157.14,180.45,0,0,459
1491410,22,42,1062,156.2,179.45,0,0,472
1068277,23,42,1062,158.14,179.45,0,0,473
1138529,24,42,1062,170.78,168.78,0,0,338
1344765,25,42,1062,176.54,177.54,0,0,405
1178034,26,42,1062,178.54,177.54,0,0,447
1084950,27,42,1062,179.48,179.48,0,0,473
1308335,28,42,1062,177.54,178.54,0,0,366
1241848,29,42,1062,174.66,174.66,0,0,231
1473439,30,42,1062,157.2,172.66,0,0,647
1180231,31,42,1062,155.2,156.2,0,0,446
1016437,32,42,1062,153.29,157.2,1,0,500
1383886,33,42,1062,158.14,159.14,0,0,352
1404640,34,42,1062,155.23,156.23,0,0,364
1326188,35,42,1062,154.29,154.29,0,0,297
1165279,36,42,1062,157.2,156.2,0,0,432
1259231,37,42,1062,178.51,178.51,0,0,189
1258693,38,42,1062,175.63,174.63,0,0,323
1155040,39,42,1062,176.6,176.6,0,0,297
1356541,40,42,1062,182.42,180.42,0,0,243
1070336,41,42,1062,176.57,175.57,0,0,311
1492711,42,42,1062,177.57,175.57,0,0,285
1319282,43,42,1062,177.51,179.51,0,0,283
1198607,44,42,1062,174.6,176.6,0,0,296
1304329,45,42,1062,185.33,183.33,0,0,217
1143653,46,42,1062,173.66,173.66,0,0,323
1111415,47,42,1062,180.48,179.48,0,0,297
1321148,48,42,1062,179.45,180.45,0,0,189
1490602,49,42,1062,178.51,179.51,0,0,203
1176753,50,42,1062,176.6,175.6,0,0,350
1188091,51,42,1062,182.42,181.42,0,0,229
1291937,52,42,1062,179.51,179.51,0,0,230
1166241,53,42,1062,177.51,178.51,0,0,298
1075054,54,42,1062,174.6,176.6,0,0,202
1245774,55,42,1062,182.39,183.39,0,0,323
1222063,56,42,1062,170.72,170.72,0,0,365
1250913,57,42,1062,152.29,171.72,0,0,283
1061667,58,42,1062,156.2,156.2,0,0,419
1391063,59,42,1062,158.11,158.11,0,0,514
1087474,60,42,1062,153.29,154.29,0,0,446
1007870,61,42,1062,157.17,158.17,0,0,269
1072285,62,42,1062,178.48,179.48,0,0,176
1087895,63,42,1062,179.51,177.51,0,0,258
1304416,64,42,1062,177.54,177.54,0,0,298
1371799,65,42,1062,175.6,175.6,0,0,148
1252051,66,42,1062,178.54,178.54,0,0,325
1192661,67,42,1062,177.51,178.51,0,0,257
1290049,68,42,1062,175.6,176.6,0,0,107
1436499,69,42,1062,176.54,177.54,0,0,148
1362481,70,42,1062,172.69,172.69,0,0,256
1035713,71,42,1062,176.54,176.54,0,0,149
1330386,72,42,1062,176.57,177.57,0,0,217
1142454,73,42,1062,179.51,177.51,0,0,202
1437483,74,42,1062,176.57,175.57,0,0,297
1252133,75,42,1062,180.42,182.42,0,0,136
1418376,76,42,1062,174.6,176.6,0,0,150
1034828,77,42,1062,175.57,176.57,0,0,202
1476011,78,42,1062,183.39,181.39,0,0,216
1129297,79,42,1062,180.42,181.42,0,0,177
1438855,80,42,1062,177.57,176.57,0,0,189
1488471,81,42,1062,179.51,178.51,0,0,242
1440695,82,42,1062,177.54,176.54,0,0,189
1075675,83,42,1062,183.36,184.36,0,0,204
1442263,84,42,1062,178.51,177.51,0,0,176
1289507,85,42,1062,172.72,171.72,0,0,312
1317786,86,42,1062,173.66,173.66,0,0,244
1001142,87,42,1062,176.57,175.57,0,0,284
1045947,88,42,1062,156.23,176.57,0,0,310
1175301,89,42,1062,154.29,177.57,0,0,296
1110937,90,42,1062,157.14,177.57,0,0,270
1378567,91,42,1062,158.17,175.57,0,0,163
1199097,92,42,1062,154.23,177.57,0,0,216
1145231,93,42,1062,155.2,176.57,0,0,270
1492126,94,42,1062,158.17,156.17,0,0,244
1481083,95,42,1062,160.11,158.11,0,0,392
1114104,96,42,1062,158.14,159.14,0,0,258
1258399,97,42,1062,158.17,157.17,0,0,202
1154824,98,42,1062,150.38,150.38,0,0,378
1254003,99,42,1062,160.08,160.08,0,0,175
1048300,100,42,1062,156.2,157.2,0,0,458
1449902,101,42,1062,154.26,154.26,0,0,297
1265602,102,42,1062,157.17,156.17,0,0,108
1477647,103,42,1062,158.17,156.17,0,0,176
1297692,104,42,1062,158.11,158.11,0,0,242
1119976,105,42,1062,158.17,157.17,0,0,285
1387864,106,42,1062,158.11,158.11,0,0,296
1332447,107,42,1062,160.05,161.05,0,0,663
1108381,108,42,1062,162.05,160.05,0,0,285
1221288,109,42,1062,161.02,161.02,0,0,271
1382759,110,42,1062,176.6,175.6,0,0,203
1324029,111,42,1062,179.45,179.45,0,0,257
1370169,112,42,1062,171.69,172.69,0,0,230
1262689,113,42,1062,157.2,157.2,0,0,338
1174014,114,42,1062,155.26,156.2,1,0,297
1160015,115,42,1062,159.08,159.08,0,0,162
1256499,116,42,1062,158.17,159.08,1,0,460
1140673,117,42,1062,183.39,183.39,0,0,852
1210207,118,42,1062,177.54,177.54,0,0,256
1132638,119,42,1062,175.57,176.57,0,0,285
1456354,120,42,1062,178.54,178.54,0,0,351
1347966,121,42,1062,179.48,180.48,0,0,310
1119421,122,42,1062,180.48,179.48,0,0,202
1420519,123,42,1062,169.75,169.75,0,0,231
1214736,124,42,1062,176.6,175.6,0,0,270
1185648,125,42,1062,176.54,176.54,0,0,231
1121216,126,42,1062,176.57,175.57,0,0,256
1255126,127,42,1062,176.57,177.57,0,0,270
1258915,128,42,1062,179.45,179.45,0,0,204
1166516,129,42,1062,173.66,172.66,0,0,149
1142312,130,42,1062,173.66,172.66,0,0,257
1083163,131,42,1062,178.51,179.51,0,0,269
1419120,132,42,1062,157.2,179.51,1,0,269
1424676,133,42,1062,158.14,177.51,0,0,229
1477464,134,42,1062,159.14,179.51,0,0,163
1383414,135,42,1062,156.2,177.51,0,0,310
1102979,136,42,1062,149.38,178.51,0,0,433
1229932,137,42,1062,158.11,177.51,0,0,270
1174797,138,42,1062,181.42,181.42,0,0,176
1208216,139,42,1062,175.6,176.6,0,0,162
1244933,140,42,1062,178.48,178.48,0,0,283
1276368,141,42,1062,172.72,172.72,0,0,256
1408876,142,42,1062,154.26,171.72,0,0,310
1312864,143,42,1062,144.56,172.72,0,0,202
1378291,144,42,1062,162.05,161.05,0,0,270
1230662,145,42,1062,162.05,160.05,1,0,297
1441222,1,42,2707,182.36,229.95,0,0,378
1379330,2,42,2707,187.27,228.95,0,0,352
1392156,3,42,2707,191.15,227.95,0,0,365
1018933,4,42,2707,192.12,228.95,0,0,203
1443739,5,42,2707,221.22,219.22,0,0,258
1397941,6,42,2707,220.22,220.22,0,0,176
1057598,7,42,2707,225.04,227.04,0,0,217
1021291,8,42,2707,228.98,227.98,0,0,188
1406577,9,42,2707,227.01,227.01,0,0,297
1444109,10,42,2707,219.28,219.28,0,0,135
1035493,11,42,2707,211.46,213.46,0,0,350
1247636,12,42,2707,180.42,211.46,0,0,366
1328959,13,42,2707,188.21,213.46,0,0,231
1289186,14,42,2707,190.15,213.46,0,0,230
1213787,15,42,2707,190.15,211.46,0,0,339
1048579,16,42,2707,187.24,213.46,0,0,350
1005098,17,42,2707,187.24,213.46,0,0,312
1353893,18,42,2707,185.33,185.33,0,0,244
1372501,19,42,2707,221.19,220.19,0,0,404
1168843,20,42,2707,230.89,231.89,0,0,162
1430681,21,42,2707,216.31,217.31,0,0,242
1404098,22,42,2707,225.1,223.1,0,0,188
1351397,23,42,2707,226.01,227.01,0,0,204
1308450,24,42,2707,218.25,218.25,0,0,190
1004104,25,42,2707,227.01,226.01,0,0,175
1421342,26,42,2707,222.16,221.16,0,0,257
1246830,27,42,2707,227.04,226.04,0,0,230
1085224,28,42,2707,224.1,223.1,0,0,204
1030717,29,42,2707,226.01,227.01,0,0,203
1018984,30,42,2707,229.92,230.92,0,0,296
1494870,31,42,2707,220.22,220.22,0,0,310
1375457,32,42,2707,226.04,226.04,0,0,433
1212641,33,42,2707,220.19,222.19,0,0,258
1331615,34,42,2707,223.16,223.16,0,0,269
1257956,35,42,2707,224.13,222.13,0,0,203
1075652,36,42,2707,227.04,226.04,0,0,177
1126091,37,42,2707,218.28,218.28,0,0,257
1049900,38,42,2707,229.95,227.95,0,0,150
1219496,39,42,2707,219.28,219.28,0,0,258
1405259,40,42,2707,223.13,224.13,0,0,229
1006045,41,42,2707,220.25,219.25,0,0,256
1271324,42,42,2707,219.22,221.22,0,0,175
1071706,43,42,2707,223.13,223.13,0,0,285
1399767,44,42,2707,217.28,217.28,0,0,244
1475071,45,42,2707,221.16,221.16,0,0,271
1075200,46,42,2707,216.31,217.31,0,0,242
1004490,47,42,2707,211.46,211.46,0,0,242
1152639,48,42,2707,189.15,213.46,0,0,418
1467030,49,42,2707,182.42,213.46,0,0,419
1282094,50,42,2707,190.12,213.46,0,0,149
1327700,51,42,2707,180.45,212.46,0,0,53
1293138,52,42,2707,191.12,213.46,0,0,243
1435244,53,42,2707,187.27,211.46,0,0,230
1391382,54,42,2707,186.24,187.24,0,0,135
1152854,55,42,2707,185.3,186.3,0,0,419
1300551,56,42,2707,227.01,228.01,0,0,163
1229004,57,42,2707,217.28,219.28,0,0,242
1227435,58,42,2707,224.07,224.07,0,0,149
1203205,59,42,2707,222.19,222.19,0,0,231
1046768,60,42,2707,221.22,220.22,0,0,297
1181022,61,42,2707,230.89,230.89,0,0,271
1187979,62,42,2707,225.07,224.07,0,0,96
1041752,63,42,2707,227.04,226.04,0,0,176
1339087,64,42,2707,225.04,226.04,0,0,149
1331112,65,42,2707,215.37,216.37,0,0,244
1205958,66,42,2707,219.28,217.28,0,0,243
1226930,67,42,2707,221.16,221.16,0,0,269
1451910,68,42,2707,219.22,219.22,0,0,231
1292006,69,42,2707,220.19,220.19,0,0,243
1247037,70,42,2707,215.34,216.34,0,0,135
1441884,71,42,2707,215.4,213.4,0,0,190
1019407,72,42,2707,190.12,214.4,1,0,420
1493491,73,42,2707,188.18,214.4,0,0,364
1185228,74,42,2707,182.36,213.4,0,0,323
1127349,75,42,2707,195.97,194.97,0,0,202
1216262,76,42,2707,185.27,186.27,0,0,297
1417006,77,42,2707,229.89,229.89,0,0,135
1103339,78,42,2707,224.1,225.1,0,0,257
1300034,79,42,2707,232.83,233.83,0,0,177
1333067,80,42,2707,226.04,226.04,0,0,283
1113273,81,42,2707,226.07,224.07,0,0,163
1372921,82,42,2707,229.95,227.95,0,0,270
1102743,83,42,2707,193.09,228.95,1,1,447
1475988,84,42,2707,212.43,213.43,0,0,243
1310919,85,42,2707,230.86,231.86,0,0,258
1235717,86,42,2707,190.18,230.86,0,0,459
1394527,87,42,2707,193.09,232.86,0,0,446
1022218,88,42,2707,189.18,230.86,0,0,311
1320959,89,42,2707,182.42,231.86,0,0,379
1048052,90,42,2707,211.52,210.52,0,0,283
1108612,91,42,2707,194.06,193.06,0,0,297
1391589,92,42,2707,194.03,194.03,0,0,391
1363664,93,42,2707,193.03,195.03,0,0,487
1160416,94,42,2707,190.18,194.03,1,0,485
1249956,95,42,2707,191.12,190.12,0,0,364
1113214,96,42,2707,191.09,192.09,0,0,297
1320359,97,42,2707,190.18,189.18,0,0,148
1123413,98,42,2707,183.36,182.36,0,0,257
1323945,99,42,2707,188.21,188.21,0,0,324
1415959,100,42,2707,189.21,188.21,0,0,406
1383854,101,42,2707,192.12,192.12,0,0,149
1013608,102,42,2707,186.24,188.24,0,0,310
1360949,103,42,2707,188.21,188.21,0,0,162
1181707,104,42,2707,185.3,185.3,0,0,270
1114491,105,42,2707,188.24,188.24,0,0,325
1002359,106,42,2707,198.88,198.88,0,0,269
1347549,107,42,2707,225.07,224.07,0,0,162
1398028,108,42,2707,222.19,222.19,0,0,351
1297510,109,42,2707,225.07,224.07,0,0,162
1315489,110,42,2707,228.01,228.01,0,0,149
1267711,111,42,2707,227.95,229.95,0,0,202
1003515,112,42,2707,232.86,230.86,0,0,150
1440664,113,42,2707,232.83,233.83,0,0,269
1416772,114,42,2707,228.92,229.92,0,0,177
1232238,115,42,2707,233.83,232.83,0,0,283
1270619,116,42,2707,224.1,224.1,0,0,231
1219575,117,42,2707,186.27,224.1,0,0,337
1222402,118,42,2707,183.33,224.1,0,0,217
1354482,119,42,2707,188.18,224.1,0,0,351
1221504,120,42,2707,199.88,224.1,0,0,338
1269931,121,42,2707,231.89,230.89,0,0,176
1431465,122,42,2707,235.71,235.71,0,0,163
1226659,123,42,2707,230.89,230.89,0,0,339
1006898,124,42,2707,176.6,229.89,1,0,406
1341454,125,42,2707,179.45,230.89,0,0,310
1379075,126,42,2707,180.45,230.89,0,0,352
1386430,127,42,2707,175.57,229.89,0,0,419
1165173,128,42,2707,223.1,225.1,0,0,175
1070901,129,42,2707,229.92,229.92,0,0,215
1352661,130,42,2707,235.74,234.74,0,0,242
1156562,131,42,2707,234.74,236.74,0,0,284
1074895,132,42,2707,238.62,238.62,0,0,283
1200154,133,42,2707,237.68,238.68,0,0,188
1491938,134,42,2707,240.62,239.62,0,0,231
1477726,135,42,2707,241.56,241.56,0,0,150
1242031,136,42,2707,224.13,222.13,0,0,244
1327880,137,42,2707,234.8,234.8,0,0,310
1018751,138,42,2707,243.53,243.53,0,0,204
1383768,139,42,2707,225.1,225.1,0,0,257
1329998,140,42,2707,236.68,238.68,0,0,204
1106819,141,42,2707,232.83,233.83,0,0,176
1034070,142,42,2707,237.68,237.68,0,0,216
1009380,143,42,2707,231.86,231.86,0,0,215
1432843,144,42,2707,231.83,231.83,0,0,271
1011287,145,42,2707,207.58,233.83,0,0,230
