files/42.csv
id,week,center_id,meal_id,checkout_price,base_price,emailer_for_promotion,homepage_featured,num_orders
1409635,1,42,2126,442.35,443.35,0,0,122
1307360,2,42,2126,437.5,437.5,0,0,68
1234548,3,42,2126,437.5,436.5,0,0,67
1217034,4,42,2126,436.5,436.5,0,0,14
1345914,5,42,2126,438.5,437.5,0,1,27
1281551,6,42,2126,485.03,485.03,0,0,15
1132692,8,42,2126,484.03,484.03,0,0,42
1310565,9,42,2126,484.03,485.03,0,0,13
1264031,10,42,2126,484.03,485.03,0,0,28
1302395,11,42,2126,484.03,486.03,0,0,54
1494111,12,42,2126,486.03,484.03,1,1,53
1394643,13,42,2126,486.03,485.03,0,1,42
1103458,14,42,2126,486.03,484.03,0,0,40
1419864,15,42,2126,485.03,485.03,0,0,41
1198053,16,42,2126,485.03,486.03,0,0,80
1091436,17,42,2126,486.03,485.03,0,0,67
1267650,18,42,2126,486.03,485.03,1,0,15
1068776,19,42,2126,485.03,484.03,0,1,67
1424075,20,42,2126,485.03,486.03,0,0,41
1383185,22,42,2126,484.03,485.03,0,0,14
1493648,23,42,2126,517.98,519.98,0,0,28
1414284,24,42,2126,551.93,553.93,0,0,13
1422137,26,42,2126,485.03,553.93,1,0,14
1392226,27,42,2126,485.03,553.93,0,0,14
1126942,28,42,2126,525.74,527.74,0,0,53
1009883,29,42,2126,533.53,532.53,0,0,15
1307371,30,42,2126,534.53,533.53,0,0,28
1468682,31,42,2126,533.53,534.53,0,0,15
1177777,32,42,2126,509.28,509.28,0,0,53
1278359,33,42,2126,433.59,508.28,1,0,42
1488618,34,42,2126,552.93,551.93,0,0,27
1458717,36,42,2126,553.93,553.93,0,0,15
1052981,38,42,2126,552.93,552.93,0,0,28
1012368,39,42,2126,484.03,553.93,1,0,41
1037937,40,42,2126,484.03,551.93,0,0,14
1471688,41,42,2126,486.03,553.93,0,0,26
1290355,42,42,2126,485.03,551.93,0,0,14
1366318,43,42,2126,552.93,551.93,0,0,14
1310823,44,42,2126,433.59,551.93,1,1,96
1127137,45,42,2126,433.59,552.93,0,1,81
1372153,47,42,2126,433.59,553.93,0,1,40
1027567,48,42,2126,553.93,553.93,0,0,13
1373824,49,42,2126,552.93,552.93,0,0,27
1495560,51,42,2126,552.93,553.93,0,0,15
1316792,52,42,2126,436.5,552.93,1,1,28
1304788,53,42,2126,437.5,552.93,0,0,55
1380781,54,42,2126,437.5,552.93,0,1,42
1181413,55,42,2126,438.5,551.93,0,1,28
1491794,56,42,2126,552.93,551.93,0,1,68
1239232,57,42,2126,551.93,552.93,0,1,69
1245382,58,42,2126,553.93,552.93,0,1,54
1207130,59,42,2126,551.93,551.93,0,1,28
1002305,60,42,2126,551.93,553.93,0,1,55
1051426,61,42,2126,424.92,553.93,1,1,123
1234741,62,42,2126,435.53,552.93,1,1,27
1389635,64,42,2126,437.53,551.93,0,1,53
1120207,65,42,2126,553.93,553.93,0,1,82
1423437,66,42,2126,435.53,551.93,0,1,15
1223518,68,42,2126,435.53,551.93,0,1,13
1318652,69,42,2126,436.53,552.93,0,0,41
1458572,70,42,2126,485.03,553.93,1,0,26
1041432,71,42,2126,489.88,552.93,1,1,82
1208223,72,42,2126,486.03,553.93,0,0,13
1266684,73,42,2126,484.03,553.93,0,0,42
1475967,74,42,2126,515.13,514.13,0,0,26
1478037,75,42,2126,515.13,514.13,0,0,14
1123250,77,42,2126,513.13,514.13,0,0,53
1259489,78,42,2126,515.13,515.13,0,0,27
1105136,79,42,2126,514.13,514.13,0,0,15
1194431,80,42,2126,513.13,515.13,0,0,27
1404792,81,42,2126,513.13,513.13,0,0,42
1008517,82,42,2126,515.13,513.13,0,0,150
1039439,83,42,2126,515.13,513.13,0,0,68
1110539,84,42,2126,515.13,513.13,0,0,27
1315025,85,42,2126,513.13,513.13,0,0,55
1438551,86,42,2126,425.83,514.13,0,0,80
1251712,87,42,2126,426.83,514.13,0,0,82
1037321,88,42,2126,426.83,513.13,1,1,55
1006504,89,42,2126,427.83,514.13,1,1,40
1211347,90,42,2126,427.83,513.13,0,0,40
1257773,91,42,2126,425.83,514.13,0,0,42
1231589,92,42,2126,425.83,513.13,0,0,82
1209382,93,42,2126,426.83,513.13,0,0,42
1479310,94,42,2126,425.83,427.83,0,0,40
1460690,95,42,2126,425.83,425.83,0,0,15
1474434,96,42,2126,425.83,427.83,0,0,26
1122561,97,42,2126,425.83,426.83,0,0,95
1238190,98,42,2126,456.93,456.93,0,0,28
1034049,99,42,2126,533.56,533.56,0,0,27
1174081,101,42,2126,533.56,531.56,0,0,82
1045807,103,42,2126,469.54,533.56,0,0,14
1269360,104,42,2126,437.53,531.56,0,0,42
1285622,105,42,2126,437.53,532.56,0,0,27
1367880,106,42,2126,436.53,532.56,0,1,40
1348305,107,42,2126,531.56,532.56,0,1,26
1033745,108,42,2126,533.56,531.56,0,0,26
1192439,109,42,2126,531.56,531.56,0,0,55
1299707,110,42,2126,531.56,531.56,0,0,13
1431506,111,42,2126,533.56,532.56,0,0,42
1031105,112,42,2126,531.56,532.56,0,0,40
1274358,113,42,2126,437.53,531.56,0,1,69
1252059,114,42,2126,436.53,532.56,0,1,40
1256753,115,42,2126,533.56,531.56,0,0,26
1482157,116,42,2126,531.56,532.56,0,0,15
1325720,117,42,2126,531.56,531.56,0,0,13
1322165,118,42,2126,533.56,531.56,0,0,96
1063927,120,42,2126,531.56,533.56,0,0,13
1004662,121,42,2126,532.56,531.56,0,0,26
1252580,122,42,2126,429.74,531.56,0,1,69
1080252,123,42,2126,426.8,533.56,0,1,40
1313671,124,42,2126,426.8,533.56,0,0,28
1310454,125,42,2126,427.8,533.56,0,0,42
1231319,126,42,2126,428.8,532.56,0,0,28
1064956,127,42,2126,427.8,532.56,0,0,13
1079210,128,42,2126,426.8,531.56,0,0,26
1416888,129,42,2126,428.8,532.56,0,0,42
1419534,130,42,2126,428.8,428.8,0,0,14
1476333,131,42,2126,426.8,426.8,0,0,41
1229331,132,42,2126,426.8,426.8,0,0,54
1184535,133,42,2126,427.8,426.8,0,0,55
1024943,134,42,2126,435.53,435.53,0,0,42
1284291,135,42,2126,453.05,451.05,0,0,82
1065515,136,42,2126,483.06,483.06,0,0,28
1028629,137,42,2126,485.06,485.06,0,0,54
1091670,138,42,2126,483.06,484.06,0,0,26
1499268,139,42,2126,433.62,484.06,0,0,41
1379894,140,42,2126,464.63,484.06,0,1,14
1367147,141,42,2126,507.31,508.31,0,0,53
1396394,142,42,2126,509.31,508.31,0,0,82
1173404,143,42,2126,508.31,507.31,0,0,53
1356563,144,42,2126,471.42,473.42,0,0,13
1448817,145,42,2126,436.53,472.42,0,1,41
1141453,1,42,2826,329.86,327.86,0,0,311
1359412,2,42,2826,328.86,328.86,0,0,190
1054975,3,42,2826,328.86,329.86,0,0,337
1308622,4,42,2826,329.86,328.86,0,0,203
1241302,5,42,2826,327.86,329.86,0,0,296
1165497,6,42,2826,328.86,328.86,0,0,229
1495852,7,42,2826,328.86,327.86,0,0,351
1459413,8,42,2826,329.86,329.86,0,0,325
1358755,9,42,2826,327.86,328.86,0,0,325
1267277,10,42,2826,245.47,327.86,1,0,501
1429039,11,42,2826,241.53,328.86,1,0,553
1003145,12,42,2826,244.47,328.86,0,0,513
1063120,13,42,2826,327.86,328.86,0,0,242
1260161,14,42,2826,328.86,327.86,0,0,189
1123636,15,42,2826,328.86,329.86,0,0,351
1199108,16,42,2826,328.86,327.86,0,0,420
1346385,17,42,2826,327.86,329.86,0,0,325
1280006,18,42,2826,195.03,329.86,1,1,1417
1195685,19,42,2826,327.86,329.86,0,0,298
1071987,20,42,2826,328.86,328.86,0,0,189
1264718,21,42,2826,329.86,329.86,0,0,297
1209111,22,42,2826,323.07,322.07,0,0,269
1028654,23,42,2826,327.86,328.86,0,0,296
1072469,24,42,2826,329.86,327.86,0,0,149
1399805,25,42,2826,329.86,327.86,0,0,339
1492541,26,42,2826,328.86,328.86,0,0,257
1383208,27,42,2826,329.86,327.86,0,0,190
1367175,28,42,2826,262.93,328.86,1,0,432
1348171,29,42,2826,264.84,328.86,1,1,567
1375352,30,42,2826,329.86,328.86,0,0,311
1041139,31,42,2826,329.86,329.86,0,0,377
1350683,32,42,2826,327.86,329.86,0,0,366
1460342,33,42,2826,329.86,329.86,0,0,325
1405292,34,42,2826,329.86,329.86,0,0,364
1220948,35,42,2826,329.86,329.86,0,0,189
1230499,36,42,2826,292,328.86,0,0,283
1364455,37,42,2826,329.86,329.86,0,0,176
1134100,38,42,2826,327.86,329.86,0,0,136
1353059,39,42,2826,328.86,327.86,0,0,217
1037050,40,42,2826,327.86,329.86,0,0,256
1310540,41,42,2826,309.49,309.49,0,0,217
1074397,42,42,2826,329.86,327.86,0,0,351
1075825,43,42,2826,328.86,329.86,0,0,256
1290938,44,42,2826,327.86,327.86,0,0,270
1075916,45,42,2826,328.86,328.86,0,0,257
1351413,46,42,2826,247.35,328.86,1,0,338
1434970,47,42,2826,242.5,328.86,1,0,393
1162422,48,42,2826,328.86,327.86,0,0,365
1053972,49,42,2826,327.86,328.86,0,0,312
1327726,50,42,2826,329.86,329.86,0,0,190
1163463,51,42,2826,327.86,327.86,0,0,243
1008707,52,42,2826,327.86,328.86,0,0,284
1152768,53,42,2826,327.92,325.92,0,0,243
1263199,54,42,2826,328.86,327.86,0,0,323
1446828,55,42,2826,327.86,328.86,0,0,312
1451241,56,42,2826,329.86,327.86,0,0,323
1119075,57,42,2826,327.86,329.86,0,0,243
1353359,58,42,2826,328.86,329.86,0,0,203
1196385,59,42,2826,329.86,329.86,0,0,243
1298669,60,42,2826,243.5,328.86,1,0,1095
1384163,61,42,2826,322.07,321.07,0,0,391
1320140,62,42,2826,329.86,329.86,0,0,136
1395717,63,42,2826,270.69,328.86,1,0,717
1119701,64,42,2826,268.69,328.86,1,0,688
1086144,65,42,2826,329.86,327.86,0,0,230
1365188,66,42,2826,328.86,328.86,0,0,324
1208834,67,42,2826,328.86,327.86,0,0,270
1498517,68,42,2826,328.86,329.86,0,0,217
1011773,69,42,2826,242.5,329.86,0,0,405
1373141,70,42,2826,327.86,329.86,0,0,136
1051671,71,42,2826,327.86,328.86,0,0,257
1008550,72,42,2826,328.86,329.86,0,0,285
1438031,73,42,2826,327.86,328.86,0,0,324
1350203,74,42,2826,329.86,327.86,1,0,284
1451307,75,42,2826,242.5,327.86,1,0,1039
1070024,76,42,2826,243.5,327.86,0,0,229
1241626,77,42,2826,328.86,328.86,0,0,298
1232443,78,42,2826,310.43,309.43,0,0,284
1117210,79,42,2826,195.03,309.43,1,0,636
1302715,80,42,2826,309.43,309.43,0,0,271
1163899,81,42,2826,311.43,309.43,0,0,217
1227753,82,42,2826,311.43,310.43,0,0,96
1344716,83,42,2826,311.43,310.43,0,0,148
1022609,84,42,2826,311.43,311.43,0,0,284
1399399,85,42,2826,310.43,310.43,0,0,351
1012358,86,42,2826,310.43,310.43,0,0,256
1231432,87,42,2826,309.43,310.43,0,0,216
1110726,88,42,2826,311.43,309.43,0,0,135
1366107,89,42,2826,310.43,310.43,0,0,163
1437871,90,42,2826,310.43,311.43,0,0,162
1078629,91,42,2826,309.43,310.43,0,0,203
1322810,92,42,2826,311.43,311.43,0,0,175
1323805,93,42,2826,289.06,289.06,0,0,258
1068084,94,42,2826,244.5,289.06,0,0,337
1211226,95,42,2826,242.5,289.06,0,0,445
1273480,96,42,2826,244.5,289.06,0,0,392
1290618,97,42,2826,242.53,290.06,0,0,593
1496023,98,42,2826,242.5,291.06,0,0,378
1097802,99,42,2826,251.29,290.06,0,0,242
1215040,100,42,2826,309.43,311.43,0,0,231
1476341,101,42,2826,310.43,311.43,0,0,203
1308172,102,42,2826,309.43,309.43,0,0,270
1133904,103,42,2826,309.43,309.43,0,0,230
1147535,104,42,2826,310.43,311.43,0,0,163
1245486,105,42,2826,310.43,309.43,0,0,298
1062066,106,42,2826,310.43,310.43,0,0,297
1028272,107,42,2826,311.43,310.43,0,0,270
1021015,108,42,2826,311.43,309.43,0,0,323
1237915,109,42,2826,311.43,311.43,0,0,377
1005600,110,42,2826,246.44,311.43,1,0,621
1030122,111,42,2826,246.44,309.43,0,1,500
1296758,112,42,2826,244.47,309.43,0,0,744
1098842,113,42,2826,311.43,310.43,0,0,324
1283613,114,42,2826,311.43,309.43,0,0,366
1171719,115,42,2826,309.43,310.43,0,0,350
1187264,116,42,2826,311.43,311.43,0,0,296
1059714,117,42,2826,313.37,313.37,0,0,391
1142721,118,42,2826,327.92,327.92,0,0,351
1430205,119,42,2826,327.92,325.92,0,0,323
1164656,120,42,2826,327.92,326.92,0,0,420
1316287,121,42,2826,326.92,326.92,0,0,297
1301860,122,42,2826,326.92,327.92,0,0,339
1036661,123,42,2826,326.92,327.92,0,0,324
1334673,124,42,2826,325.92,326.92,0,0,270
1455840,125,42,2826,327.92,327.92,0,0,269
1109689,126,42,2826,325.92,327.92,0,0,472
1253111,127,42,2826,326.92,326.92,0,0,325
1101434,128,42,2826,251.23,327.92,1,1,1363
1432149,129,42,2826,266.75,325.92,1,1,715
1155944,130,42,2826,327.92,327.92,0,0,297
1067416,131,42,2826,325.92,326.92,0,0,311
1076749,132,42,2826,325.92,326.92,0,0,338
1061606,133,42,2826,325.92,326.92,0,0,204
1440358,134,42,2826,327.92,327.92,0,0,163
1100190,135,42,2826,326.92,327.92,0,0,175
1103268,136,42,2826,325.92,327.92,0,0,352
1038098,137,42,2826,321.13,321.13,0,0,378
1129386,138,42,2826,327.92,325.92,0,0,230
1296137,139,42,2826,326.92,327.92,0,0,215
1194591,140,42,2826,326.92,325.92,0,0,256
1145212,141,42,2826,325.92,325.92,0,0,161
1076919,142,42,2826,325.92,325.92,0,0,204
1060111,143,42,2826,325.92,325.92,0,0,175
1255342,144,42,2826,326.92,327.92,0,0,257
1246924,145,42,2826,326.92,327.92,0,0,121
1318944,1,42,1754,270.66,270.66,0,0,189
1498974,2,42,1754,291.03,291.03,0,0,296
1126620,3,42,1754,291.03,292.03,0,0,324
1192254,4,42,1754,291.03,291.03,0,0,231
1263577,5,42,1754,241.59,291.03,0,0,297
1074695,6,42,1754,291.03,291.03,0,0,135
1101272,7,42,1754,290.03,290.03,0,0,215
1395886,8,42,1754,280.39,280.39,0,0,323
1343947,9,42,1754,271.63,272.63,0,0,148
1478792,10,42,1754,292.03,290.03,0,0,123
1020160,11,42,1754,292.03,292.03,0,0,150
1215014,12,42,1754,279.39,279.39,0,0,312
1479195,13,42,1754,291.03,292.03,0,0,229
1005686,14,42,1754,291.03,291.03,0,0,203
1076646,15,42,1754,292.03,290.03,0,0,190
1063043,16,42,1754,290.03,292.03,0,0,202
1107238,17,42,1754,292.03,290.03,0,0,217
1333649,18,42,1754,194.03,292.03,1,1,1215
1114856,19,42,1754,268.69,268.69,0,0,365
1221367,20,42,1754,290.03,291.03,0,0,204
1369022,21,42,1754,255.11,290.03,0,0,311
1208777,22,42,1754,236.68,292.03,1,1,555
1263042,23,42,1754,243.5,292.03,1,1,582
1005662,24,42,1754,287.12,292.03,0,1,258
1278532,25,42,1754,291.03,291.03,0,0,204
1474383,26,42,1754,290.03,292.03,0,0,203
1047210,27,42,1754,271.6,272.6,0,0,216
1402395,28,42,1754,292.03,291.03,0,0,215
1093853,29,42,1754,292.03,292.03,0,0,109
1198963,30,42,1754,290.03,292.03,0,0,229
1362360,31,42,1754,253.23,290.03,0,0,190
1030503,32,42,1754,239.62,292.03,1,1,2323
1008927,33,42,1754,281.3,283.3,0,0,215
1245509,34,42,1754,268.72,267.72,0,0,297
1367676,35,42,1754,301.7,300.7,0,0,229
1168932,36,42,1754,281.3,281.3,0,0,324
1340034,37,42,1754,311.43,310.43,0,0,188
1488549,38,42,1754,311.43,309.43,0,0,122
1369697,39,42,1754,310.43,311.43,0,0,136
1058515,40,42,1754,311.43,310.43,0,0,216
1252170,41,42,1754,310.43,309.43,0,0,162
1222489,42,42,1754,309.43,311.43,0,0,150
1489401,43,42,1754,309.43,310.43,0,0,258
1410089,44,42,1754,290.03,292.03,0,0,215
1282651,45,42,1754,291.03,290.03,0,0,215
1088784,46,42,1754,230.92,291.03,1,0,298
1240243,47,42,1754,242.5,290.03,1,0,284
1367651,48,42,1754,166.87,291.03,1,0,1877
1093688,49,42,1754,259.02,292.03,0,0,568
1296358,50,42,1754,309.43,309.43,0,0,256
1430886,51,42,1754,201.82,309.43,0,0,460
1036143,52,42,1754,311.43,309.43,0,0,163
1396539,53,42,1754,309.43,309.43,0,0,150
1041380,54,42,1754,290.03,290.03,0,0,122
1386495,55,42,1754,310.43,310.43,0,0,242
1460413,56,42,1754,309.43,311.43,0,0,135
1059715,57,42,1754,278.39,311.43,0,0,135
1195980,58,42,1754,290.06,291.06,0,0,204
1413193,59,42,1754,265.81,265.81,0,0,190
1120355,60,42,1754,241.56,264.81,1,1,1405
1178252,61,42,1754,305.61,264.81,0,1,337
1251233,62,42,1754,275.54,265.81,0,1,123
1452225,63,42,1754,291.97,292.97,0,0,122
1352724,64,42,1754,309.43,310.43,0,0,163
1066349,65,42,1754,309.43,309.43,0,0,231
1417379,66,42,1754,309.43,310.43,0,0,188
1165528,67,42,1754,310.43,309.43,0,0,148
1410304,68,42,1754,187.21,311.43,1,1,944
1013419,69,42,1754,192.09,309.43,1,1,851
1064094,70,42,1754,189.15,310.43,1,0,1067
1382611,71,42,1754,188.18,309.43,1,1,931
1292689,72,42,1754,310.43,309.43,0,0,190
1423647,73,42,1754,311.43,310.43,0,0,122
1334541,74,42,1754,283.24,285.24,0,0,324
1177866,75,42,1754,256.11,283.24,0,1,283
1073459,76,42,1754,244.5,285.24,0,1,175
1431334,77,42,1754,303.64,283.24,0,1,123
1045415,78,42,1754,310.43,285.24,0,1,109
1280277,79,42,1754,200.85,285.24,1,1,811
1218604,80,42,1754,310.43,285.24,0,1,230
1372638,81,42,1754,311.43,285.24,0,1,188
1384748,82,42,1754,198.85,284.24,0,1,269
1269683,83,42,1754,269.72,283.24,0,1,621
1413743,84,42,1754,318.22,283.24,0,1,379
1156939,85,42,1754,323.07,284.24,0,1,188
1224178,86,42,1754,321.07,283.24,0,1,204
1298268,87,42,1754,322.07,283.24,0,1,109
1081458,88,42,1754,321.07,321.07,0,0,176
1043072,89,42,1754,323.07,323.07,0,0,149
1056049,90,42,1754,323.07,321.07,0,0,81
1172323,91,42,1754,323.07,321.07,0,0,150
1192679,92,42,1754,293.91,293.91,0,0,161
1298035,93,42,1754,323.07,321.07,0,0,269
1256064,94,42,1754,321.07,321.07,0,0,296
1097670,95,42,1754,322.07,321.07,0,0,243
1231045,96,42,1754,323.07,321.07,0,0,149
1320522,97,42,1754,300.73,299.73,0,0,108
1022490,98,42,1754,323.07,323.07,0,0,312
1376416,99,42,1754,321.07,321.07,0,0,122
1307562,100,42,1754,306.52,307.52,0,0,297
1291396,101,42,1754,322.07,321.07,0,0,229
1434591,102,42,1754,322.07,321.07,0,0,189
1360598,103,42,1754,322.07,322.07,0,0,122
1339100,104,42,1754,321.07,323.07,0,0,230
1094234,105,42,1754,323.07,322.07,0,0,204
1295611,106,42,1754,323.07,323.07,0,0,149
1200365,107,42,1754,322.07,323.07,0,0,271
1176957,108,42,1754,323.07,322.07,0,0,337
1407544,109,42,1754,321.07,321.07,0,0,474
1402652,110,42,1754,246.44,322.07,1,0,580
1329214,111,42,1754,243.5,323.07,0,1,541
1248312,112,42,1754,243.5,323.07,0,1,755
1463895,113,42,1754,323.07,322.07,0,0,202
1064496,114,42,1754,321.07,321.07,0,0,284
1060846,115,42,1754,321.07,322.07,0,0,338
1355578,116,42,1754,323.07,323.07,0,0,311
1148929,117,42,1754,323.07,323.07,0,0,258
1451544,118,42,1754,330.83,328.83,0,0,190
1114399,119,42,1754,314.34,312.34,0,0,271
1019904,120,42,1754,329.83,328.83,0,0,203
1129756,121,42,1754,329.83,329.83,0,0,284
1022697,122,42,1754,330.83,328.83,0,0,163
1004787,123,42,1754,329.83,330.83,0,0,163
1090418,124,42,1754,329.83,330.83,0,0,393
1373876,125,42,1754,329.83,329.83,0,0,310
1028133,126,42,1754,329.83,329.83,0,0,229
1020566,127,42,1754,328.83,328.83,0,0,231
1335200,128,42,1754,235.77,330.83,1,1,675
1306977,129,42,1754,255.14,329.83,1,1,392
1168365,130,42,1754,325.92,326.92,0,0,296
1283145,131,42,1754,329.83,328.83,0,0,296
1020879,132,42,1754,328.83,328.83,0,0,257
1229022,133,42,1754,329.83,329.83,0,0,242
1356873,134,42,1754,329.83,329.83,0,0,391
1211938,135,42,1754,328.83,328.83,0,0,310
1372688,136,42,1754,317.25,316.25,0,0,323
1438966,137,42,1754,329.83,330.83,0,0,324
1397967,138,42,1754,328.83,328.83,0,0,242
1386725,139,42,1754,330.83,328.83,0,0,352
1480281,140,42,1754,330.83,330.83,0,0,285
1373229,141,42,1754,329.83,329.83,0,0,230
1419089,142,42,1754,329.83,328.83,0,0,285
1327164,143,42,1754,328.83,328.83,0,0,244
1056710,144,42,1754,330.83,328.83,0,0,296
1165338,145,42,1754,330.83,329.83,0,0,391
