files/42.csv
id,week,center_id,meal_id,checkout_price,base_price,emailer_for_promotion,homepage_featured,num_orders
1490956,1,42,2492,445.23,445.23,0,0,14
1143331,2,42,2492,447.23,445.23,0,0,28
1416493,3,42,2492,445.23,446.23,0,0,27
1269560,4,42,2492,445.23,447.23,0,0,28
1330082,5,42,2492,445.23,445.23,0,0,15
1342210,6,42,2492,445.23,446.23,0,0,28
1186614,7,42,2492,445.23,445.23,0,0,26
1447066,9,42,2492,447.23,445.23,0,0,53
1286886,10,42,2492,445.23,445.23,0,0,26
1405103,11,42,2492,447.23,446.23,0,0,13
1456716,12,42,2492,446.23,446.23,0,0,55
1436306,13,42,2492,446.23,447.23,0,0,55
1168993,14,42,2492,445.23,447.23,0,0,28
1481526,15,42,2492,445.23,445.23,0,0,69
1300849,16,42,2492,447.23,445.23,0,0,14
1498547,17,42,2492,445.23,447.23,0,0,15
1096653,18,42,2492,446.23,445.23,0,0,40
1210555,20,42,2492,445.23,445.23,0,0,28
1062401,21,42,2492,446.23,447.23,0,0,27
1122447,23,42,2492,447.23,445.23,0,0,54
1354314,24,42,2492,373.48,445.23,0,0,28
1435165,25,42,2492,447.23,445.23,0,0,53
1182595,26,42,2492,447.23,445.23,0,0,14
1046467,27,42,2492,415.19,416.19,0,0,68
1356984,28,42,2492,305.55,414.19,1,1,121
1384420,29,42,2492,290.03,416.19,1,0,96
1176292,30,42,2492,290.03,415.19,0,0,81
1144046,31,42,2492,447.23,445.23,0,0,13
1347468,32,42,2492,447.23,446.23,0,0,26
1371232,33,42,2492,446.23,446.23,0,0,14
1290104,34,42,2492,445.23,446.23,0,0,15
1174865,35,42,2492,445.23,446.23,0,0,40
1093374,36,42,2492,446.23,447.23,0,0,14
1044109,37,42,2492,447.23,445.23,0,0,15
1115972,38,42,2492,445.23,445.23,0,0,14
1260107,39,42,2492,446.23,446.23,0,0,26
1283360,40,42,2492,447.23,447.23,0,0,42
1297877,41,42,2492,445.23,446.23,0,0,54
1438806,42,42,2492,446.23,446.23,0,0,41
1315090,43,42,2492,447.23,447.23,0,0,27
1418699,44,42,2492,446.23,447.23,0,0,28
1023796,45,42,2492,292.03,445.23,1,0,15
1361076,46,42,2492,292.03,445.23,0,0,94
1186033,47,42,2492,290.03,446.23,0,0,42
1348985,48,42,2492,292.03,447.23,0,0,54
1162893,49,42,2492,446.23,445.23,0,0,26
1156903,50,42,2492,446.23,446.23,0,0,15
1008543,51,42,2492,447.23,445.23,0,0,14
1443630,53,42,2492,447.23,447.23,0,0,42
1270038,54,42,2492,445.23,447.23,0,0,14
1122336,55,42,2492,446.23,446.23,0,0,40
1123870,56,42,2492,446.23,446.23,0,0,28
1409408,57,42,2492,446.23,446.23,0,0,42
1360046,58,42,2492,445.23,445.23,0,0,15
1474059,59,42,2492,447.23,447.23,0,0,42
1040418,60,42,2492,446.23,445.23,0,0,28
1491041,61,42,2492,447.23,447.23,0,0,13
1449593,62,42,2492,292.03,446.23,0,0,14
1451950,63,42,2492,292.03,445.23,1,1,242
1025654,64,42,2492,306.58,446.23,1,1,148
1311197,65,42,2492,446.23,446.23,0,0,14
1036402,66,42,2492,446.23,447.23,0,0,26
1006984,67,42,2492,445.23,446.23,0,0,15
1443763,68,42,2492,447.23,446.23,0,0,42
1459372,69,42,2492,445.23,445.23,0,0,14
1204562,70,42,2492,447.23,445.23,0,0,41
1098736,73,42,2492,446.23,447.23,0,0,14
1149890,74,42,2492,446.23,447.23,0,0,26
1161226,76,42,2492,447.23,446.23,0,0,13
1367300,77,42,2492,447.23,446.23,0,0,42
1448965,78,42,2492,447.23,447.23,0,0,27
1386722,80,42,2492,293,446.23,1,0,216
1399948,81,42,2492,291,445.23,0,0,27
1008934,82,42,2492,291,447.23,0,0,28
1268718,83,42,2492,291,447.23,0,0,53
1452050,84,42,2492,446.23,447.23,0,0,94
1156697,85,42,2492,447.23,446.23,0,0,27
1234678,86,42,2492,445.23,446.23,0,0,41
1441621,88,42,2492,446.23,446.23,0,0,26
1289944,89,42,2492,446.23,445.23,0,0,27
1210799,90,42,2492,445.23,447.23,0,0,53
1254665,91,42,2492,447.23,445.23,0,0,53
1205041,93,42,2492,446.23,445.23,0,0,28
1471739,94,42,2492,445.23,446.23,0,0,67
1200156,96,42,2492,446.23,445.23,0,0,15
1463813,97,42,2492,292,446.23,0,0,107
1179062,98,42,2492,291,447.23,0,0,82
1267202,99,42,2492,293,446.23,0,0,42
1392526,100,42,2492,446.23,447.23,0,0,15
1039628,101,42,2492,447.23,445.23,0,0,40
1340953,104,42,2492,445.23,447.23,0,0,26
1244534,105,42,2492,446.23,446.23,0,0,54
1355686,106,42,2492,445.23,446.23,0,0,40
1215598,107,42,2492,446.23,447.23,0,0,67
1103703,108,42,2492,293,445.23,0,0,53
1290735,109,42,2492,291,446.23,0,0,123
1319941,110,42,2492,447.23,447.23,0,0,27
1227315,111,42,2492,447.23,447.23,0,0,28
1205953,113,42,2492,445.23,445.23,0,0,14
1377637,114,42,2492,447.23,445.23,0,0,27
1016276,115,42,2492,447.23,447.23,0,0,28
1178275,116,42,2492,445.23,446.23,0,0,42
1019748,117,42,2492,445.23,446.23,0,0,27
1016872,118,42,2492,447.23,446.23,0,0,27
1422537,119,42,2492,447.23,446.23,0,0,26
1356995,120,42,2492,341.5,446.23,0,1,41
1187923,121,42,2492,340.5,446.23,0,1,14
1227488,122,42,2492,334.71,446.23,0,1,68
1248296,123,42,2492,339.5,446.23,0,0,53
1209805,126,42,2492,445.23,445.23,0,0,40
1145265,127,42,2492,445.23,446.23,0,0,28
1353129,128,42,2492,446.23,447.23,0,0,15
1165075,129,42,2492,447.23,446.23,0,0,13
1111606,130,42,2492,446.23,445.23,0,0,27
1398758,131,42,2492,445.23,446.23,0,0,53
1299813,132,42,2492,292.03,446.23,0,0,14
1048585,133,42,2492,303.61,447.23,0,1,109
1267878,134,42,2492,291.03,446.23,0,1,67
1120422,135,42,2492,291.03,447.23,0,1,82
1451816,136,42,2492,454.93,455.93,0,0,54
1000929,137,42,2492,455.93,454.93,0,0,68
1209716,138,42,2492,455.93,454.93,0,0,80
1458010,139,42,2492,455.93,455.93,0,0,42
1163603,140,42,2492,425.89,425.89,0,0,40
1425348,141,42,2492,409.37,409.37,0,0,109
1309778,142,42,2492,410.37,408.37,0,0,53
1400881,143,42,2492,456.93,455.93,0,0,81
1271164,145,42,2492,454.93,454.93,0,0,28
1364517,1,42,1543,504.43,503.43,0,0,55
1323253,2,42,1543,505.43,504.43,0,0,26
1188354,3,42,1543,503.43,505.43,0,0,14
1011734,4,42,1543,504.43,504.43,0,0,28
1421191,5,42,1543,460.81,458.81,0,0,42
1271406,6,42,1543,430.74,458.81,1,0,121
1257705,7,42,1543,446.23,458.81,1,0,109
1417405,8,42,1543,437.5,438.5,0,0,40
1352172,9,42,1543,452.99,452.99,0,0,55
1387871,10,42,1543,503.43,503.43,0,0,55
1377912,11,42,1543,503.43,503.43,0,0,55
1082622,12,42,1543,505.43,503.43,0,0,27
1143802,13,42,1543,503.43,503.43,0,0,41
1118517,14,42,1543,446.23,503.43,0,0,27
1451493,15,42,1543,388.03,504.43,1,0,54
1424546,16,42,1543,389.03,504.43,0,0,149
1176831,17,42,1543,403.52,504.43,0,0,96
1115566,18,42,1543,387.03,504.43,0,1,26
1154783,19,42,1543,387.03,504.43,0,0,27
1027369,20,42,1543,388.03,503.43,0,0,53
1318031,21,42,1543,504.43,503.43,0,0,27
1001158,22,42,1543,503.43,503.43,0,0,13
1226689,23,42,1543,503.43,504.43,0,0,26
1485693,24,42,1543,505.43,503.43,0,0,27
1328662,26,42,1543,503.43,504.43,0,0,53
1108434,28,42,1543,505.43,504.43,0,0,13
1080146,29,42,1543,505.43,505.43,0,0,28
1104859,30,42,1543,505.43,505.43,0,0,15
1298314,32,42,1543,388.03,503.43,1,1,150
1015186,33,42,1543,388.03,503.43,1,0,13
1266897,34,42,1543,389.03,504.43,0,0,81
1270692,35,42,1543,388.03,505.43,0,0,108
1447353,36,42,1543,481.15,480.15,0,0,69
1138428,37,42,1543,464.63,464.63,0,0,13
1133884,38,42,1543,466.63,465.63,0,0,54
1339950,39,42,1543,464.63,466.63,0,0,15
1159298,40,42,1543,466.63,464.63,0,0,82
1048582,41,42,1543,466.63,465.63,0,0,13
1123618,42,42,1543,445.23,446.23,0,0,54
1452333,43,42,1543,389.03,446.23,1,1,161
1083393,44,42,1543,389.03,445.23,1,1,188
1004019,45,42,1543,387.03,446.23,0,1,68
1351463,46,42,1543,466.63,466.63,0,0,26
1255918,47,42,1543,465.63,466.63,0,0,42
1376092,48,42,1543,466.63,465.63,0,0,40
1435399,49,42,1543,464.63,466.63,0,0,53
1406935,50,42,1543,464.63,466.63,0,0,15
1285779,51,42,1543,464.63,466.63,0,0,15
1019301,52,42,1543,465.63,464.63,0,0,14
1294089,53,42,1543,464.63,464.63,0,0,40
1194718,54,42,1543,465.63,466.63,0,0,82
1106927,55,42,1543,389.03,464.63,1,0,26
1196569,56,42,1543,409.37,466.63,0,0,82
1238945,57,42,1543,389.03,466.63,0,1,96
1012069,58,42,1543,401.64,465.63,0,0,134
1025761,61,42,1543,513.13,515.13,0,0,27
1054951,62,42,1543,513.13,513.13,0,0,53
1061552,63,42,1543,514.13,513.13,0,0,28
1226164,64,42,1543,515.13,514.13,0,0,14
1104075,65,42,1543,515.13,513.13,0,0,40
1239249,66,42,1543,514.13,514.13,0,0,14
1359102,67,42,1543,513.13,515.13,0,0,42
1496722,70,42,1543,513.13,514.13,0,0,42
1131876,71,42,1543,513.13,515.13,0,0,26
1053071,72,42,1543,377.39,513.13,1,0,67
1477371,74,42,1543,387.03,513.13,0,0,42
1046499,75,42,1543,389.03,513.13,0,0,28
1362779,76,42,1543,430.74,515.13,0,0,40
1075783,77,42,1543,513.13,515.13,0,0,28
1221202,78,42,1543,515.13,513.13,0,0,14
1336218,79,42,1543,515.13,515.13,0,0,54
1103710,83,42,1543,387.03,515.13,1,0,55
1463196,84,42,1543,388.03,515.13,0,0,80
1001375,85,42,1543,389.03,514.13,0,0,28
1011637,86,42,1543,428.74,515.13,0,0,42
1157425,87,42,1543,514.13,514.13,0,0,28
1425460,88,42,1543,515.13,515.13,0,0,27
1179785,89,42,1543,515.13,515.13,0,0,55
1414422,90,42,1543,515.13,514.13,0,0,41
1399623,92,42,1543,514.13,514.13,0,0,15
1183469,93,42,1543,513.13,514.13,0,0,40
1406724,94,42,1543,515.13,515.13,0,0,13
1046787,95,42,1543,288.12,514.13,0,1,258
1378836,96,42,1543,276.51,514.13,0,1,420
1144606,97,42,1543,210.52,515.13,0,1,122
1381295,98,42,1543,474.39,473.39,0,0,69
1376612,99,42,1543,474.39,474.39,0,0,67
1348992,100,42,1543,315.25,472.39,0,1,202
1486597,101,42,1543,474.39,472.39,0,1,40
1262346,102,42,1543,474.39,474.39,0,0,14
1466361,103,42,1543,472.39,472.39,0,0,40
1109124,104,42,1543,472.39,473.39,0,0,68
1435491,105,42,1543,473.39,473.39,0,0,82
1422817,106,42,1543,473.39,474.39,0,0,54
1124285,107,42,1543,472.39,472.39,0,0,40
1210128,108,42,1543,473.39,472.39,0,0,68
1049199,109,42,1543,472.39,473.39,0,0,67
1068856,110,42,1543,474.39,473.39,0,0,67
1059643,111,42,1543,472.39,472.39,0,0,67
1047177,112,42,1543,474.39,474.39,0,0,67
1236565,113,42,1543,474.39,473.39,0,0,69
1433975,114,42,1543,474.39,472.39,0,0,40
1478426,115,42,1543,474.39,472.39,0,0,28
1427774,116,42,1543,474.39,474.39,0,0,68
1484088,117,42,1543,389.03,473.39,0,1,135
1152663,118,42,1543,409.4,474.39,0,0,109
1296212,119,42,1543,400.61,474.39,0,0,82
1244803,120,42,1543,388.03,474.39,0,0,107
1463851,121,42,1543,470.51,470.51,0,0,82
1425215,122,42,1543,469.51,469.51,0,0,55
1124605,123,42,1543,470.51,469.51,0,0,26
1016455,124,42,1543,470.51,469.51,0,0,134
1113790,125,42,1543,404.52,469.51,0,0,67
1135336,126,42,1543,389.03,468.51,0,1,40
1259262,127,42,1543,389.03,468.51,0,0,67
1306248,128,42,1543,388.03,469.51,0,0,54
1245475,129,42,1543,468.51,470.51,0,0,15
1479569,130,42,1543,470.51,468.51,0,0,40
1413303,131,42,1543,468.51,470.51,0,0,27
1430016,132,42,1543,470.51,469.51,0,0,55
1427341,133,42,1543,482.09,484.09,0,0,14
1111342,134,42,1543,483.09,482.09,0,0,82
1265829,135,42,1543,482.09,482.09,0,0,53
1282460,136,42,1543,484.09,484.09,0,0,54
1208212,137,42,1543,356.99,482.09,1,1,148
1331195,138,42,1543,376.36,484.09,0,1,107
1117815,139,42,1543,389.03,483.09,0,0,13
1002692,140,42,1543,484.09,484.09,0,0,27
1360545,141,42,1543,483.09,484.09,0,0,68
1361401,142,42,1543,483.09,484.09,0,0,81
1438973,143,42,1543,484.09,482.09,0,0,55
1224692,144,42,1543,483.09,483.09,0,0,82
1201839,145,42,1543,482.09,483.09,0,0,53
1342413,1,42,2304,503.43,505.43,0,0,26
1384335,2,42,2304,505.43,504.43,0,0,13
1204953,3,42,2304,505.43,505.43,0,0,26
1389398,4,42,2304,503.43,503.43,0,0,26
1072934,5,42,2304,504.43,503.43,0,0,28
1483026,6,42,2304,436.5,503.43,1,0,53
1315363,7,42,2304,436.5,505.43,1,0,54
1261843,9,42,2304,438.5,505.43,0,0,14
1340305,10,42,2304,504.43,504.43,0,0,68
1236640,11,42,2304,504.43,504.43,0,0,28
1154602,12,42,2304,505.43,503.43,0,0,28
1407185,13,42,2304,503.43,505.43,0,0,13
1178818,14,42,2304,389.03,505.43,0,0,67
1499382,15,42,2304,387.03,505.43,1,0,81
1387089,16,42,2304,388.03,503.43,0,0,69
1000435,17,42,2304,387.03,503.43,0,0,54
1042866,18,42,2304,388.03,505.43,0,0,28
1094568,19,42,2304,389.03,504.43,0,0,40
1478613,20,42,2304,417.13,504.43,0,0,55
1339023,22,42,2304,503.43,505.43,0,0,14
1257481,23,42,2304,505.43,503.43,0,0,14
1456315,24,42,2304,505.43,503.43,0,0,14
1192357,25,42,2304,504.43,505.43,0,0,27
1300370,27,42,2304,504.43,504.43,0,0,13
1296038,28,42,2304,505.43,504.43,0,0,26
1496179,29,42,2304,503.43,504.43,0,0,27
1062173,30,42,2304,504.43,503.43,0,0,26
1222632,31,42,2304,504.43,503.43,0,0,13
1375814,32,42,2304,387.03,504.43,1,0,134
1240626,33,42,2304,403.52,503.43,1,0,94
1082818,34,42,2304,387.03,505.43,0,0,27
1234988,35,42,2304,389.03,504.43,0,0,42
1449326,36,42,2304,484.03,486.03,0,0,28
1328845,37,42,2304,466.63,465.63,0,0,41
1001203,38,42,2304,465.63,465.63,0,0,26
1280021,39,42,2304,466.63,465.63,0,0,14
1335946,42,42,2304,440.44,439.44,0,0,42
1387018,43,42,2304,388.03,439.44,1,1,94
1183653,44,42,2304,388.03,438.44,1,1,243
1438140,45,42,2304,389.03,438.44,0,1,68
1100968,46,42,2304,464.63,464.63,0,0,28
1385278,48,42,2304,464.63,465.63,0,0,15
1272327,49,42,2304,466.63,466.63,0,0,68
1118066,50,42,2304,464.63,465.63,0,0,54
1427392,51,42,2304,465.63,464.63,0,0,14
1341308,52,42,2304,466.63,465.63,0,0,14
1111377,53,42,2304,464.63,465.63,0,0,55
1131310,54,42,2304,464.63,466.63,0,0,27
1474601,55,42,2304,387.03,464.63,1,0,109
1419163,56,42,2304,388.03,466.63,0,0,121
1241066,57,42,2304,419.04,466.63,0,1,109
1296448,58,42,2304,389.03,466.63,0,0,55
1004486,59,42,2304,513.13,513.13,0,0,15
1452265,60,42,2304,515.13,515.13,0,0,54
1413968,61,42,2304,515.13,514.13,0,0,28
1112420,63,42,2304,515.13,514.13,0,0,28
1109143,64,42,2304,515.13,514.13,0,0,27
1320192,65,42,2304,513.13,515.13,0,0,14
1382618,67,42,2304,514.13,515.13,0,0,41
1029052,68,42,2304,513.13,513.13,0,0,15
1104902,69,42,2304,515.13,513.13,0,0,42
1172540,71,42,2304,513.13,515.13,0,0,27
1337132,72,42,2304,375.39,514.13,1,1,109
1328452,73,42,2304,387.03,515.13,0,0,55
1022033,74,42,2304,387.03,515.13,0,0,80
1296223,75,42,2304,389.03,513.13,0,0,42
1221160,76,42,2304,387.03,513.13,0,0,54
1103671,78,42,2304,513.13,515.13,0,0,15
1129685,79,42,2304,515.13,513.13,0,0,14
1484060,80,42,2304,513.13,514.13,0,0,27
1489296,81,42,2304,514.13,515.13,0,0,15
1230878,82,42,2304,515.13,514.13,0,0,41
1043227,83,42,2304,388.03,514.13,1,0,68
1346748,84,42,2304,452.08,513.13,0,0,53
1045562,85,42,2304,387.03,515.13,0,0,122
1234797,86,42,2304,388.03,514.13,0,0,28
1276715,88,42,2304,513.13,515.13,0,0,15
1386671,91,42,2304,515.13,514.13,0,0,14
1297043,92,42,2304,513.13,515.13,0,0,13
1033914,94,42,2304,514.13,513.13,0,0,15
1265887,95,42,2304,223.1,515.13,0,1,350
1271963,96,42,2304,278.45,513.13,0,1,393
1326684,97,42,2304,260.96,515.13,0,1,271
1149659,98,42,2304,474.39,515.13,0,1,54
1464524,99,42,2304,473.39,514.13,0,1,40
1114812,100,42,2304,260.96,513.13,0,1,270
1043143,101,42,2304,474.39,513.13,0,1,40
1282801,103,42,2304,472.39,474.39,0,0,27
1013180,104,42,2304,473.39,472.39,0,0,80
1446461,105,42,2304,473.39,472.39,0,0,41
1363923,106,42,2304,474.39,472.39,0,0,27
1076046,107,42,2304,472.39,474.39,0,0,41
1287002,108,42,2304,474.39,473.39,0,0,40
1488709,109,42,2304,472.39,474.39,0,0,69
1022444,111,42,2304,474.39,472.39,0,0,80
1300720,112,42,2304,473.39,474.39,0,0,69
1257457,113,42,2304,473.39,473.39,0,0,41
1085393,114,42,2304,474.39,473.39,0,0,13
1471672,115,42,2304,472.39,473.39,0,0,28
1457317,116,42,2304,472.39,474.39,0,0,27
1206346,117,42,2304,400.61,473.39,0,0,81
1210407,118,42,2304,387.03,473.39,0,1,27
1284080,119,42,2304,389.03,474.39,0,0,27
1219853,120,42,2304,388.03,473.39,0,0,42
1400210,121,42,2304,469.51,468.51,0,0,26
1415486,122,42,2304,470.51,468.51,0,0,26
1264658,123,42,2304,470.51,469.51,0,0,42
1326361,124,42,2304,470.51,468.51,0,0,13
1476766,125,42,2304,389.03,468.51,0,0,96
1201713,126,42,2304,387.03,468.51,0,0,27
1058815,127,42,2304,388.03,468.51,0,0,41
1029169,128,42,2304,428.77,470.51,0,1,28
1035223,129,42,2304,468.51,469.51,0,0,14
1384027,131,42,2304,468.51,470.51,0,0,42
1358640,132,42,2304,469.51,470.51,0,0,55
1116751,133,42,2304,482.09,484.09,0,0,14
1097147,134,42,2304,484.09,482.09,0,0,26
1068395,135,42,2304,482.09,482.09,0,0,14
1073828,136,42,2304,482.09,483.09,0,0,28
1187328,137,42,2304,351.14,483.09,1,1,162
1497683,138,42,2304,338.53,482.09,0,0,67
1404501,139,42,2304,387.03,484.09,0,0,26
1106891,140,42,2304,482.09,483.09,0,0,26
1371306,141,42,2304,482.09,482.09,0,0,15
1282020,142,42,2304,484.09,482.09,0,0,26
1177822,143,42,2304,483.09,482.09,0,0,28
1258877,145,42,2304,482.09,482.09,0,0,14
